Command: /home/piotr/.espressif/python_env/idf5.5_py3.12_env/bin/python /home/piotr/esp/esp-idf/tools/idf_monitor.py -p /dev/ttyACM0 -b 115200 --toolchain-prefix xtensa-esp32s3-elf- --target esp32s3 --revision 0 /home/piotr/Documents/Studia/praca_inzynierska/drug_dispenser/drug_dispenser/build/drug_dispenser.elf /home/piotr/Documents/Studia/praca_inzynierska/drug_dispenser/drug_dispenser/build/bootloader/bootloader.elf -m '/home/piotr/.espressif/python_env/idf5.5_py3.12_env/bin/python' '/home/piotr/esp/esp-idf/tools/idf.py'
[0;32mI (237) efuse_init: Min chip rev:     v0.0[0m
[0;32mI (241) efuse_init: Max chip rev:     v0.99 [0m
ESP-ROM:esp32s3-20210327
Build:Mar 27 2021
rst:0x15 (USB_UART_CHIP_RESET),boot:0x29 (SPI_FAST_FLASH_BOOT)
Saved PC:0x40041a76
SPIWP:0xee
mode:DIO, clock div:1
load:0x3fce2820,len:0x158c
load:0x403c8700,len:0xd24
load:0x403cb700,len:0x2f34
entry 0x403c8924
[0;32mI (24) boot: ESP-IDF v5.5.1 2nd stage bootloader[0m
[0;32mI (24) boot: compile time Sep 24 2025 00:24:31[0m
[0;32mI (25) boot: Multicore bootloader[0m
[0;32mI (25) boot: chip revision: v0.2[0m
[0;32mI (28) boot: efuse block revision: v1.3[0m
[0;32mI (31) boot.esp32s3: Boot SPI Speed : 80MHz[0m
[0;32mI (35) boot.esp32s3: SPI Mode       : DIO[0m
[0;32mI (39) boot.esp32s3: SPI Flash Size : 2MB[0m
[0;32mI (43) boot: Enabling RNG early entropy source...[0m
[0;32mI (47) boot: Partition Table:[0m
[0;32mI (50) boot: ## Label            Usage          Type ST Offset   Length[0m
[0;32mI (56) boot:  0 nvs              WiFi data        01 02 00009000 00006000[0m
[0;32mI (62) boot:  1 phy_init         RF data          01 01 0000f000 00001000[0m
[0;32mI (69) boot:  2 factory          factory app      00 00 00010000 00100000[0m
[0;32mI (76) boot: End of partition table[0m
[0;32mI (79) esp_image: segment 0: paddr=00010020 vaddr=3c060020 size=16f50h ( 94032) map[0m
[0;32mI (103) esp_image: segment 1: paddr=00026f78 vaddr=3fc94e00 size=02d1ch ( 11548) load[0m
[0;32mI (106) esp_image: segment 2: paddr=00029c9c vaddr=40374000 size=0637ch ( 25468) load[0m
[0;32mI (112) esp_image: segment 3: paddr=00030020 vaddr=42000020 size=54b80h (347008) map[0m
[0;32mI (175) esp_image: segment 4: paddr=00084ba8 vaddr=4037a37c size=0aa04h ( 43524) load[0m
[0;32mI (185) esp_image: segment 5: paddr=0008f5b4 vaddr=50000000 size=00020h (    32) load[0m
[0;32mI (192) boot: Loaded app from partition at offset 0x10000[0m
[0;32mI (192) boot: Disabling RNG early entropy source...[0m
[0;32mI (203) cpu_start: Multicore app[0m
[0;32mI (212) cpu_start: Pro cpu start user code[0m
[0;32mI (212) cpu_start: cpu freq: 160000000 Hz[0m
[0;32mI (213) app_init: Application information:[0m
[0;32mI (213) app_init: Project name:     drug_dispenser[0m
[0;32mI (217) app_init: App version:      1[0m
[0;32mI (220) app_init: Compile time:     Sep 24 2025 00:31:11[0m
[0;32mI (225) app_init: ELF file SHA256:  5c3153575...[0m
[0;32mI (230) app_init: ESP-IDF:          v5.5.1[0m
[0;32mI (234) efuse_init: Min chip rev:     v0.0[0m
[0;32mI (237) efuse_init: Max chip rev:     v0.99 [0m
[0;32mI (241) efuse_init: Chip rev:         v0.2[0m
[0;32mI (245) heap_init: Initializing. RAM available for dynamic allocation:[0m
[0;32mI (252) heap_init: At 3FCAB330 len 0003E3E0 (248 KiB): RAM[0m
[0;32mI (257) heap_init: At 3FCE9710 len 00005724 (21 KiB): RAM[0m
[0;32mI (262) heap_init: At 3FCF0000 len 00008000 (32 KiB): DRAM[0m
[0;32mI (267) heap_init: At 600FE000 len 00001FE8 (7 KiB): RTCRAM[0m
[0;32mI (273) spi_flash: detected chip: gd[0m
[0;32mI (276) spi_flash: flash io: dio[0m
[0;33mW (279) spi_flash: Detected size(8192k) larger than the size in the binary image header(2048k). Using the size in the binary image header.[0m
[0;32mI (291) sleep_gpio: Configure to isolate all GPIO pins in sleep state[0m
[0;32mI (297) sleep_gpio: Enable automatic switching of GPIO sleep configuration[0m
[0;32mI (304) main_task: Started on CPU0[0m
[0;32mI (314) main_task: Calling app_main()[0m
[0;32mI (314) display_example: Initialize SPI bus[0m
[0;32mI (314) display_example: Install panel IO[0m
[0;32mI (314) display_example: Install GC9A01 panel driver[0m
[0;32mI (324) gc9a01: LCD panel create success, version: 2.0.4[0m
[0;32mI (444) display_example: Display initialized[0m
[0;32mI (444) display_example: LVGL initialized[0m
[0;32mI (444) display_example: LVGL tick set[0m
[0;32mI (444) display_example: LVGL display created[0m
[0;32mI (444) display_example: LVGL display buffers set[0m
[0;32mI (454) display_example: Setting flusb_cb[0m
[0;32mI (454) display_example: Entering main loop[0m
[0;32mI (454) display_example: spin[0m
[0;32mI (464) display_example: Flushing area x1:0, y1:0, x2:239, y2:23[0m
[0;32mI (464) display_example: Flushing area x1:0, y1:24, x2:239, y2:47[0m
[0;32mI (474) display_example: Flushing area x1:0, y1:48, x2:239, y2:71[0m
[0;32mI (484) display_example: Flushing area x1:0, y1:72, x2:239, y2:95[0m
[0;32mI (484) display_example: Flushing area x1:0, y1:96, x2:239, y2:119[0m
[0;32mI (494) display_example: Flushing area x1:0, y1:120, x2:239, y2:143[0m
[0;32mI (494) display_example: Flushing area x1:0, y1:144, x2:239, y2:167[0m
[0;32mI (504) display_example: Flushing area x1:0, y1:168, x2:239, y2:191[0m
[0;32mI (514) display_example: Flushing area x1:0, y1:192, x2:239, y2:215[0m
[0;32mI (514) display_example: Flushing area x1:0, y1:216, x2:239, y2:239[0m
[0;32mI (1524) display_example: spin[0m
[0;32mI (2524) display_example: spin[0m
